2026-06-03 16:29:01,941 - INFO - Initiating data ingestion
2026-06-03 16:29:10,209 - INFO - Exporting train test split
2026-06-03 16:29:10,338 - INFO - Exported train test split successfully
2026-06-03 16:29:10,340 - INFO - Data ingestion completed
2026-06-03 16:29:10,343 - INFO - Initiating data validation
2026-06-03 16:29:10,455 - INFO - Required number of columns: 31
2026-06-03 16:29:10,456 - INFO - Dataframe has columns: 31
2026-06-03 16:29:10,456 - INFO - Required number of columns: 31
2026-06-03 16:29:10,456 - INFO - Dataframe has columns: 31
2026-06-03 16:29:10,838 - INFO - Data validation completed
2026-06-03 16:29:10,839 - INFO - Data Transformation started
2026-06-03 16:29:10,839 - INFO - >>>>>>>>>>>>>>>>>>>>>>>>>>>>>>>>>>>>>>>> Data Transformation <<<<<<<<<<<<<<<<<<<<<<<<<<<<<<<<<<<<<<<<
2026-06-03 16:29:10,842 - INFO - Starting data transformation
2026-06-03 16:29:10,918 - INFO - Entered the get_data_transformer_object method of Data_Transformation class
2026-06-03 16:29:10,918 - INFO - Initialise KNNImputer with {DATA_TRANSFORMATION_IMPUTER_PARAMS}
2026-06-03 16:29:10,945 - INFO - Saving object to artifact\06_03_2026_16_28_58\data_transformation\transformed_object\preprocessing.pkl
2026-06-03 16:29:10,950 - INFO - Object saved to artifact\06_03_2026_16_28_58\data_transformation\transformed_object\preprocessing.pkl successfully
2026-06-03 16:29:10,950 - INFO - Saving object to final_model/preprocessor.pkl
2026-06-03 16:29:10,956 - INFO - Object saved to final_model/preprocessor.pkl successfully
2026-06-03 16:29:10,961 - INFO - Data Transformation completed
2026-06-03 16:29:10,961 - INFO - Model Training stared
2026-06-03 16:53:40,562 - INFO - Saving object to artifact\06_03_2026_16_28_58\model_trainer\trained_model\model.pkl
2026-06-03 16:53:40,566 - INFO - Object saved to artifact\06_03_2026_16_28_58\model_trainer\trained_model\model.pkl successfully
2026-06-03 16:53:40,566 - INFO - Saving object to final_model/model.pkl
2026-06-03 16:53:40,644 - INFO - Object saved to final_model/model.pkl successfully
2026-06-03 16:53:40,645 - INFO - Model trainer artifact: ModelTrainerArtifact(trained_model_file_path='artifact\\06_03_2026_16_28_58\\model_trainer\\trained_model\\model.pkl', train_metric_artifact=ClassificationMetricArtifact(f1_score=0.9897096938107283, precision_score=0.9897099316930977, recall_score=0.9897105382180009), test_metric_artifact=ClassificationMetricArtifact(f1_score=0.5599219776099038, precision_score=0.5604827968983752, recall_score=0.5593622795115333))
