2026-06-02 12:56:29,352 - INFO - Initiating data ingestion
2026-06-02 12:56:43,277 - INFO - Exporting train test split
2026-06-02 12:56:43,464 - INFO - Exported train test split successfully
2026-06-02 12:56:43,465 - INFO - Data ingestion completed
2026-06-02 12:56:43,472 - INFO - Initiating data validation
2026-06-02 12:56:43,624 - INFO - Required number of columns: 31
2026-06-02 12:56:43,624 - INFO - Dataframe has columns: 31
2026-06-02 12:56:43,624 - INFO - Required number of columns: 31
2026-06-02 12:56:43,624 - INFO - Dataframe has columns: 31
2026-06-02 12:56:44,068 - INFO - Data validation completed
2026-06-02 12:56:44,069 - INFO - Data Transformation started
2026-06-02 12:56:44,069 - INFO - >>>>>>>>>>>>>>>>>>>>>>>>>>>>>>>>>>>>>>>> Data Transformation <<<<<<<<<<<<<<<<<<<<<<<<<<<<<<<<<<<<<<<<
2026-06-02 12:56:44,070 - INFO - Starting data transformation
2026-06-02 12:56:44,150 - INFO - Entered the get_data_transformer_object method of Data_Transformation class
2026-06-02 12:56:44,151 - INFO - Initialise KNNImputer with {DATA_TRANSFORMATION_IMPUTER_PARAMS}
2026-06-02 12:56:44,179 - INFO - Saving object to artifact\06_02_2026_12_56_27\data_transformation\transformed_object\preprocessing.pkl
2026-06-02 12:56:44,185 - INFO - Object saved to artifact\06_02_2026_12_56_27\data_transformation\transformed_object\preprocessing.pkl successfully
2026-06-02 12:56:44,185 - INFO - Saving object to final_model/preprocessor.pkl
2026-06-02 12:56:44,191 - INFO - Object saved to final_model/preprocessor.pkl successfully
2026-06-02 12:56:44,195 - INFO - Data Transformation completed
2026-06-02 12:56:44,195 - INFO - Model Training stared
