2026-06-02 12:59:44,478 - INFO - Initiating data ingestion
2026-06-02 12:59:55,030 - INFO - Exporting train test split
2026-06-02 12:59:55,218 - INFO - Exported train test split successfully
2026-06-02 12:59:55,220 - INFO - Data ingestion completed
2026-06-02 12:59:55,224 - INFO - Initiating data validation
2026-06-02 12:59:55,371 - INFO - Required number of columns: 31
2026-06-02 12:59:55,371 - INFO - Dataframe has columns: 31
2026-06-02 12:59:55,371 - INFO - Required number of columns: 31
2026-06-02 12:59:55,371 - INFO - Dataframe has columns: 31
2026-06-02 12:59:55,897 - INFO - Data validation completed
2026-06-02 12:59:55,897 - INFO - Data Transformation started
2026-06-02 12:59:55,897 - INFO - >>>>>>>>>>>>>>>>>>>>>>>>>>>>>>>>>>>>>>>> Data Transformation <<<<<<<<<<<<<<<<<<<<<<<<<<<<<<<<<<<<<<<<
2026-06-02 12:59:55,898 - INFO - Starting data transformation
2026-06-02 12:59:55,983 - INFO - Entered the get_data_transformer_object method of Data_Transformation class
2026-06-02 12:59:55,983 - INFO - Initialise KNNImputer with {DATA_TRANSFORMATION_IMPUTER_PARAMS}
2026-06-02 12:59:56,016 - INFO - Saving object to artifact\06_02_2026_12_59_42\data_transformation\transformed_object\preprocessing.pkl
2026-06-02 12:59:56,022 - INFO - Object saved to artifact\06_02_2026_12_59_42\data_transformation\transformed_object\preprocessing.pkl successfully
2026-06-02 12:59:56,022 - INFO - Saving object to final_model/preprocessor.pkl
2026-06-02 12:59:56,029 - INFO - Object saved to final_model/preprocessor.pkl successfully
2026-06-02 12:59:56,034 - INFO - Data Transformation completed
2026-06-02 12:59:56,034 - INFO - Model Training stared
