2026-06-03 16:07:59,103 - INFO - Initiating data ingestion
2026-06-03 16:08:08,608 - INFO - Exporting train test split
2026-06-03 16:08:08,750 - INFO - Exported train test split successfully
2026-06-03 16:08:08,751 - INFO - Data ingestion completed
2026-06-03 16:08:08,755 - INFO - Initiating data validation
2026-06-03 16:08:08,920 - INFO - Required number of columns: 31
2026-06-03 16:08:08,920 - INFO - Dataframe has columns: 31
2026-06-03 16:08:08,920 - INFO - Required number of columns: 31
2026-06-03 16:08:08,920 - INFO - Dataframe has columns: 31
2026-06-03 16:08:09,251 - INFO - Data validation completed
2026-06-03 16:08:09,251 - INFO - Data Transformation started
2026-06-03 16:08:09,252 - INFO - >>>>>>>>>>>>>>>>>>>>>>>>>>>>>>>>>>>>>>>> Data Transformation <<<<<<<<<<<<<<<<<<<<<<<<<<<<<<<<<<<<<<<<
2026-06-03 16:08:09,254 - INFO - Starting data transformation
2026-06-03 16:08:09,322 - INFO - Entered the get_data_transformer_object method of Data_Transformation class
2026-06-03 16:08:09,322 - INFO - Initialise KNNImputer with {DATA_TRANSFORMATION_IMPUTER_PARAMS}
2026-06-03 16:08:09,350 - INFO - Saving object to artifact\06_03_2026_16_07_44\data_transformation\transformed_object\preprocessing.pkl
2026-06-03 16:08:09,357 - INFO - Object saved to artifact\06_03_2026_16_07_44\data_transformation\transformed_object\preprocessing.pkl successfully
2026-06-03 16:08:09,358 - INFO - Saving object to final_model/preprocessor.pkl
2026-06-03 16:08:09,363 - INFO - Object saved to final_model/preprocessor.pkl successfully
2026-06-03 16:08:09,369 - INFO - Data Transformation completed
2026-06-03 16:08:09,369 - INFO - Model Training stared
