2026-06-02 13:16:53,460 - INFO - Initiating data ingestion
2026-06-02 13:17:04,269 - INFO - Exporting train test split
2026-06-02 13:17:04,451 - INFO - Exported train test split successfully
2026-06-02 13:17:04,453 - INFO - Data ingestion completed
2026-06-02 13:17:04,457 - INFO - Initiating data validation
2026-06-02 13:17:04,629 - INFO - Required number of columns: 31
2026-06-02 13:17:04,629 - INFO - Dataframe has columns: 31
2026-06-02 13:17:04,629 - INFO - Required number of columns: 31
2026-06-02 13:17:04,629 - INFO - Dataframe has columns: 31
2026-06-02 13:17:05,075 - INFO - Data validation completed
2026-06-02 13:17:05,075 - INFO - Data Transformation started
2026-06-02 13:17:05,075 - INFO - >>>>>>>>>>>>>>>>>>>>>>>>>>>>>>>>>>>>>>>> Data Transformation <<<<<<<<<<<<<<<<<<<<<<<<<<<<<<<<<<<<<<<<
2026-06-02 13:17:05,076 - INFO - Starting data transformation
2026-06-02 13:17:05,158 - INFO - Entered the get_data_transformer_object method of Data_Transformation class
2026-06-02 13:17:05,158 - INFO - Initialise KNNImputer with {DATA_TRANSFORMATION_IMPUTER_PARAMS}
2026-06-02 13:17:05,188 - INFO - Saving object to artifact\06_02_2026_13_16_51\data_transformation\transformed_object\preprocessing.pkl
2026-06-02 13:17:05,192 - INFO - Object saved to artifact\06_02_2026_13_16_51\data_transformation\transformed_object\preprocessing.pkl successfully
2026-06-02 13:17:05,192 - INFO - Saving object to final_model/preprocessor.pkl
2026-06-02 13:17:05,197 - INFO - Object saved to final_model/preprocessor.pkl successfully
2026-06-02 13:17:05,200 - INFO - Data Transformation completed
2026-06-02 13:17:05,200 - INFO - Model Training stared
