2026-06-10 09:22:08,745 - INFO - Initiating data ingestion
2026-06-10 09:22:30,464 - INFO - Exporting train test split
2026-06-10 09:22:31,027 - INFO - Exported train test split successfully
2026-06-10 09:22:31,031 - INFO - Data ingestion completed
2026-06-10 09:22:31,050 - INFO - Initiating data validation
2026-06-10 09:22:31,305 - INFO - Required number of columns: 31
2026-06-10 09:22:31,305 - INFO - Dataframe has columns: 31
2026-06-10 09:22:31,305 - INFO - Required number of columns: 31
2026-06-10 09:22:31,305 - INFO - Dataframe has columns: 31
2026-06-10 09:22:32,600 - INFO - Data validation completed
2026-06-10 09:22:32,601 - INFO - Data Transformation started
2026-06-10 09:22:32,601 - INFO - >>>>>>>>>>>>>>>>>>>>>>>>>>>>>>>>>>>>>>>> Data Transformation <<<<<<<<<<<<<<<<<<<<<<<<<<<<<<<<<<<<<<<<
2026-06-10 09:22:32,602 - INFO - Starting data transformation
2026-06-10 09:22:32,821 - INFO - Entered the get_data_transformer_object method of Data_Transformation class
2026-06-10 09:22:32,821 - INFO - Initialise KNNImputer with {DATA_TRANSFORMATION_IMPUTER_PARAMS}
2026-06-10 09:22:32,886 - INFO - Saving object to artifact\06_10_2026_09_21_49\data_transformation\transformed_object\preprocessing.pkl
2026-06-10 09:22:32,897 - INFO - Object saved to artifact\06_10_2026_09_21_49\data_transformation\transformed_object\preprocessing.pkl successfully
2026-06-10 09:22:32,897 - INFO - Saving object to final_model/preprocessor.pkl
2026-06-10 09:22:32,907 - INFO - Object saved to final_model/preprocessor.pkl successfully
2026-06-10 09:22:32,919 - INFO - Data Transformation completed
2026-06-10 09:22:32,919 - INFO - Model Training stared
2026-06-10 09:36:03,394 - INFO - Saving object to artifact\06_10_2026_09_21_49\model_trainer\trained_model\model.pkl
2026-06-10 09:36:03,394 - INFO - Object saved to artifact\06_10_2026_09_21_49\model_trainer\trained_model\model.pkl successfully
2026-06-10 09:36:03,394 - INFO - Saving object to final_model/model.pkl
2026-06-10 09:36:03,422 - INFO - Object saved to final_model/model.pkl successfully
2026-06-10 09:36:03,423 - INFO - Model trainer artifact: ModelTrainerArtifact(trained_model_file_path='artifact\\06_10_2026_09_21_49\\model_trainer\\trained_model\\model.pkl', train_metric_artifact=ClassificationMetricArtifact(f1_score=0.9897379289685073, precision_score=0.989738219232163, recall_score=0.9897388059701493), test_metric_artifact=ClassificationMetricArtifact(f1_score=0.5593085993357364, precision_score=0.5590290568530616, recall_score=0.55958842152872))
