2026-02-05 15:42:44,345 - INFO - Initiating data ingestion
2026-02-05 15:42:50,120 - INFO - Exporting train test split
2026-02-05 15:42:50,247 - INFO - Exported train test split successfully
2026-02-05 15:42:50,248 - INFO - Data ingestion completed
2026-02-05 15:42:50,253 - INFO - Initiating data validation
2026-02-05 15:42:50,370 - INFO - Required number of columns: 31
2026-02-05 15:42:50,370 - INFO - Dataframe has columns: 31
2026-02-05 15:42:50,370 - INFO - Required number of columns: 31
2026-02-05 15:42:50,370 - INFO - Dataframe has columns: 31
2026-02-05 15:42:50,694 - INFO - Data validation completed
2026-02-05 15:42:50,695 - INFO - Data Transformation started
2026-02-05 15:42:50,695 - INFO - >>>>>>>>>>>>>>>>>>>>>>>>>>>>>>>>>>>>>>>> Data Transformation <<<<<<<<<<<<<<<<<<<<<<<<<<<<<<<<<<<<<<<<
2026-02-05 15:42:50,697 - INFO - Starting data transformation
2026-02-05 15:42:50,762 - INFO - Entered the get_data_transformer_object method of Data_Transformation class
2026-02-05 15:42:50,762 - INFO - Initialise KNNImputer with {DATA_TRANSFORMATION_IMPUTER_PARAMS}
2026-02-05 15:42:50,796 - INFO - Saving object to artifact\02_05_2026_15_42_42\data_transformation\transformed_object\preprocessing.pkl
2026-02-05 15:42:50,801 - INFO - Object saved to artifact\02_05_2026_15_42_42\data_transformation\transformed_object\preprocessing.pkl successfully
2026-02-05 15:42:50,802 - INFO - Saving object to final_model/preprocessor.pkl
2026-02-05 15:42:50,806 - INFO - Object saved to final_model/preprocessor.pkl successfully
2026-02-05 15:42:50,809 - INFO - Data Transformation completed
2026-02-05 15:42:50,810 - INFO - Model Training stared
